node.exe : npm warn Unknown env config "devdir". This will stop working in the next major version of npm. See `npm 
help npmrc` for supported config options.
At line:1 char:1
+ & "C:\Program Files\nodejs/node.exe" "C:\Program Files\nodejs/node_mo ...
+ ~~~~~~~~~~~~~~~~~~~~~~~~~~~~~~~~~~~~~~~~~~~~~~~~~~~~~~~~~~~~~~~~~~~~~
    + CategoryInfo          : NotSpecified: (npm warn Unknow...config options.:String) [], RemoteException
    + FullyQualifiedErrorId : NativeCommandError
 

> saloncitrineindy@0.0.1 build
> astro build

00:22:40 [types] Generated 63ms
00:22:40 [build] output: "static"
00:22:40 [build] mode: "static"
00:22:40 [build] directory: C:\Users\Drew\Projects\saloncitrineindy\dist\
00:22:40 [build] Collecting build info...
00:22:40 [build] Γ£ô Completed in 87ms.
00:22:40 [build] Building static entrypoints...
00:22:40 [vite] Γ£ô built in 213ms
00:22:40 [vite] Γ£ô built in 67ms
00:22:40 [build] Rearranging server assets...

 generating static routes 
00:22:40   Γö£ΓöÇ /menu/index.html (+30ms) 
00:22:40   Γö£ΓöÇ /index.html (+9ms) 
00:22:40 Γ£ô Completed in 52ms.

00:22:40 [build] Γ£ô Completed in 387ms.
00:22:40 [build] 2 page(s) built in 483ms
00:22:40 [build] Complete!
